// Vitest Snapshot v1, https://vitest.dev/guide/snapshot.html

exports[`RealiTeaRoute > error message container structure is stable 1`] = `
<p
  aria-atomic="true"
  aria-live="polite"
  class="min-h-[1em] text-center text-xs font-medium text-[var(--realitea-error-border)]"
  role="status"
>
  Not enough letters
</p>
`;
