// Vitest Snapshot v1, https://vitest.dev/guide/snapshot.html

exports[`WhatRoute > error message container structure is stable 1`] = `
<p
  aria-atomic="true"
  aria-live="polite"
  class="_errorMessage_ee85d1 _visible_ee85d1"
  data-error="wrong-length"
  data-testid="what-status"
  role="status"
>
  Not enough letters
</p>
`;
